Archive member included to satisfy reference by file (symbol)

/opt/homebrew/Cellar/arm-none-eabi-gcc/16.1.0/lib/gcc/arm-none-eabi/16.1.0/thumb/v6-m/nofp/libgcc.a(_udivsi3.o)
                              serial.o (__aeabi_uidiv)
/opt/homebrew/Cellar/arm-none-eabi-gcc/16.1.0/lib/gcc/arm-none-eabi/16.1.0/thumb/v6-m/nofp/libgcc.a(_dvmd_tls.o)
                              /opt/homebrew/Cellar/arm-none-eabi-gcc/16.1.0/lib/gcc/arm-none-eabi/16.1.0/thumb/v6-m/nofp/libgcc.a(_udivsi3.o) (__aeabi_idiv0)

Merging object attributes


Discarded input sections

 .group         0x00000000        0xc boot2.o
 .group         0x00000000        0xc handler.o
 .group         0x00000000        0xc handler.o
 .group         0x00000000        0xc handler.o
 .group         0x00000000        0xc handler.o
 .debug_macro   0x00000000      0xaba handler.o
 .group         0x00000000        0xc vector_table.o
 .group         0x00000000        0xc vector_table.o
 .group         0x00000000        0xc vector_table.o
 .debug_macro   0x00000000      0xaba vector_table.o
 .debug_macro   0x00000000       0x10 vector_table.o
 .group         0x00000000        0xc serial.o
 .group         0x00000000        0xc serial.o
 .debug_macro   0x00000000      0xaba serial.o
 .debug_macro   0x00000000       0x10 serial.o
 .group         0x00000000        0xc main.o
 .group         0x00000000        0xc main.o
 .group         0x00000000        0xc main.o
 .debug_macro   0x00000000      0xaba main.o
 .debug_macro   0x00000000       0x10 main.o
 .debug_macro   0x00000000       0x16 main.o
 .group         0x00000000        0xc clock.o
 .group         0x00000000        0xc clock.o
 .debug_macro   0x00000000      0xaba clock.o
 .group         0x00000000        0xc interrupt.o
 .group         0x00000000        0xc interrupt.o
 .group         0x00000000        0xc interrupt.o
 .group         0x00000000        0xc interrupt.o
 .debug_macro   0x00000000      0xaba interrupt.o
 .debug_macro   0x00000000       0x10 interrupt.o
 .debug_macro   0x00000000       0x22 interrupt.o
 .debug_macro   0x00000000       0x16 interrupt.o
 .group         0x00000000        0xc kernel.o
 .group         0x00000000        0xc kernel.o
 .group         0x00000000        0xc kernel.o
 .group         0x00000000        0xc kernel.o
 .debug_macro   0x00000000      0xaba kernel.o
 .debug_macro   0x00000000       0x10 kernel.o
 .debug_macro   0x00000000       0x16 kernel.o
 .debug_macro   0x00000000       0x22 kernel.o
 .group         0x00000000        0xc syscall.o
 .group         0x00000000        0xc syscall.o
 .group         0x00000000        0xc syscall.o
 .debug_macro   0x00000000      0xaba syscall.o
 .debug_macro   0x00000000       0x10 syscall.o
 .debug_macro   0x00000000       0x16 syscall.o
 .group         0x00000000        0xc lib.o
 .debug_macro   0x00000000      0xaba lib.o
 .group         0x00000000        0xc memory.o
 .group         0x00000000        0xc memory.o
 .group         0x00000000        0xc memory.o
 .debug_macro   0x00000000      0xaba memory.o
 .debug_macro   0x00000000       0x10 memory.o
 .debug_macro   0x00000000       0x16 memory.o
 .group         0x00000000        0xc shell.o
 .group         0x00000000        0xc shell.o
 .group         0x00000000        0xc shell.o
 .group         0x00000000        0xc shell.o
 .debug_macro   0x00000000      0xaba shell.o
 .debug_macro   0x00000000       0x10 shell.o
 .debug_macro   0x00000000       0x22 shell.o
 .debug_macro   0x00000000       0x16 shell.o

Memory Configuration

Name             Origin             Length             Attributes
FLASH            0x10000000         0x00200000         xr
RAM              0x20000000         0x00042000         xrw
*default*        0x00000000         0xffffffff

Linker script and memory map

LOAD boot2.o
LOAD handler.o
LOAD vector_table.o
LOAD serial.o
LOAD main.o
LOAD clock.o
LOAD interrupt.o
LOAD kernel.o
LOAD syscall.o
LOAD lib.o
LOAD memory.o
LOAD shell.o
LOAD /opt/homebrew/Cellar/arm-none-eabi-gcc/16.1.0/lib/gcc/arm-none-eabi/16.1.0/thumb/v6-m/nofp/libgcc.a

.boot2          0x10000000      0x100
 *(.boot2)
 .boot2         0x10000000      0x100 boot2.o
                0x10000000                boot2

.vectors        0x10000100       0xc0
                0x10000100                        . = ALIGN (0x100)
 vector_table.o(.data)
 .data          0x10000100       0xc0 vector_table.o
                0x10000100                vector_table

.text           0x100001c0     0x1dc8
 *(.text .text.*)
 .text          0x100001c0        0x0 boot2.o
 .text          0x100001c0      0x130 handler.o
                0x10000200                Reset_Handler
                0x10000238                NMI_Handler
                0x10000240                HardFault_Handler
                0x10000258                SVC_Handler
                0x100002aa                PendSV_Handler
                0x100002b4                SysTick_Handler
                0x100002be                UART0_IRQ_Handler
 .text          0x100002f0        0x0 vector_table.o
 .text          0x100002f0      0x4f4 serial.o
                0x10000384                serial_init
                0x10000440                serial_enable_rx_interrupt
                0x10000488                serial_disable_rx_interrupt
                0x100004c0                serial_rx_interrupt_handler
                0x10000534                serial_putc
                0x10000574                serial_puts
                0x1000059e                serial_put_uint
                0x1000060e                serial_put_int
                0x1000063e                serial_put_hex
                0x10000688                serial_getc
                0x100006ac                serial_getc_nonblock
                0x100006d8                serial_readc_nonblock
                0x1000071c                serial_rx_overflow_count
                0x10000730                serial_gets
 .text          0x100007e4       0x38 main.o
                0x100007e4                start_thread
 .text          0x1000081c      0x198 clock.o
                0x10000990                clock_init_125mhz
 .text          0x100009b4       0xc8 interrupt.o
                0x100009b4                softvec_init
                0x100009e4                softvec_setintr
                0x10000a28                interrupt
 .text          0x10000a7c      0xa1c kernel.o
                0x10000a7c                dispatch
                0x10000e10                thread_wait
                0x10000e20                thread_sleep
                0x10000e2c                thread_wakeup
                0x10000e50                thread_getid
                0x10000e68                thread_chpri
                0x10000e98                thread_malloc
                0x10000eb6                thread_free
                0x10001374                picox_start
                0x1000142c                picox_sysdown
                0x10001444                picox_syscall
                0x10001474                picox_srvcall
 .text          0x10001498      0x2b0 syscall.o
                0x10001498                picox_run
                0x100014e2                picox_exit
                0x100014f2                picox_wait
                0x1000150e                picox_sleep
                0x1000152a                picox_wakeup
                0x10001550                picox_getid
                0x1000156c                picox_chpri
                0x10001592                picox_malloc
                0x100015b8                picox_free
                0x100015de                picox_send
                0x1000161e                picox_recv
                0x10001660                picox_setintr
                0x10001696                picoxs_wakeup
                0x100016bc                picoxs_kmalloc
                0x100016e2                picoxs_free
                0x10001708                picoxs_send
 .text          0x10001748      0x1e4 lib.o
                0x10001748                memset
                0x1000177a                memcpy
                0x100017b4                memcmp
                0x1000180c                strlen
                0x10001836                strcpy
                0x10001866                strcmp
                0x100018be                strncmp
 .text          0x1000192c      0x180 memory.o
                0x1000199c                picoxmem_init
                0x100019d8                picoxmem_alloc
                0x10001a50                picoxmem_free
 .text          0x10001aac      0x3c4 shell.o
                0x10001dfc                shell_system_task
 .text          0x10001e70      0x114 /opt/homebrew/Cellar/arm-none-eabi-gcc/16.1.0/lib/gcc/arm-none-eabi/16.1.0/thumb/v6-m/nofp/libgcc.a(_udivsi3.o)
                0x10001e70                __udivsi3
                0x10001e70                __aeabi_uidiv
                0x10001f7c                __aeabi_uidivmod
 .text          0x10001f84        0x4 /opt/homebrew/Cellar/arm-none-eabi-gcc/16.1.0/lib/gcc/arm-none-eabi/16.1.0/thumb/v6-m/nofp/libgcc.a(_dvmd_tls.o)
                0x10001f84                __aeabi_ldiv0
                0x10001f84                __aeabi_idiv0
                0x10001f88                        . = ALIGN (0x4)

.glue_7         0x10001f88        0x0
 .glue_7        0x10001f88        0x0 linker stubs

.glue_7t        0x10001f88        0x0
 .glue_7t       0x10001f88        0x0 linker stubs

.vfp11_veneer   0x10001f88        0x0
 .vfp11_veneer  0x10001f88        0x0 linker stubs

.v4_bx          0x10001f88        0x0
 .v4_bx         0x10001f88        0x0 linker stubs

.iplt           0x10001f88        0x0
 .iplt          0x10001f88        0x0 handler.o

.rodata         0x10001f88      0x1c6
                0x10001f88                        _rodata_start = .
 *(.rodata)
 .rodata        0x10001f88       0x13 handler.o
 *fill*         0x10001f9b        0x1 
 .rodata        0x10001f9c       0x1d serial.o
 *fill*         0x10001fb9        0x3 
 .rodata        0x10001fbc        0x6 main.o
 *fill*         0x10001fc2        0x2 
 .rodata        0x10001fc4       0x1f kernel.o
 *fill*         0x10001fe3        0x1 
 .rodata        0x10001fe4      0x16a shell.o
 *(.rodata.*)
                0x1000214e                        _rodata_end = .

.rel.dyn        0x10002150        0x0
 .rel.iplt      0x10002150        0x0 handler.o

.data           0x20000000       0x2c load address 0x1000214e
                0x20000000                        . = ALIGN (0x4)
                0x20000000                        _data_start = .
 *(.data .data.*)
 .data          0x20000000        0x0 boot2.o
 .data          0x20000000        0x0 handler.o
 .data          0x20000000        0x0 serial.o
 .data          0x20000000        0x0 main.o
 .data          0x20000000        0x0 clock.o
 .data          0x20000000        0x0 interrupt.o
 .data          0x20000000        0x4 kernel.o
 .data          0x20000004        0x0 syscall.o
 .data          0x20000004        0x0 lib.o
 .data          0x20000004       0x28 memory.o
 .data          0x2000002c        0x0 shell.o
 .data          0x2000002c        0x0 /opt/homebrew/Cellar/arm-none-eabi-gcc/16.1.0/lib/gcc/arm-none-eabi/16.1.0/thumb/v6-m/nofp/libgcc.a(_udivsi3.o)
 .data          0x2000002c        0x0 /opt/homebrew/Cellar/arm-none-eabi-gcc/16.1.0/lib/gcc/arm-none-eabi/16.1.0/thumb/v6-m/nofp/libgcc.a(_dvmd_tls.o)
                0x2000002c                        . = ALIGN (0x4)
                0x2000002c                        _data_end = .

.igot.plt       0x2000002c        0x0 load address 0x1000217a
 .igot.plt      0x2000002c        0x0 handler.o

.bss            0x2000002c      0x304 load address 0x1000217a
                0x2000002c                        . = ALIGN (0x4)
                0x2000002c                        _bss_start = .
 *(.bss .bss.* COMMON)
 .bss           0x2000002c        0x0 boot2.o
 .bss           0x2000002c        0x0 handler.o
 .bss           0x2000002c        0x0 vector_table.o
 .bss           0x2000002c       0x8c serial.o
 .bss           0x200000b8        0x0 main.o
 .bss           0x200000b8        0x0 clock.o
 .bss           0x200000b8        0xc interrupt.o
 .bss           0x200000c4      0x210 kernel.o
 .bss           0x200002d4        0x0 syscall.o
 .bss           0x200002d4        0x0 lib.o
 .bss           0x200002d4        0x0 memory.o
 .bss           0x200002d4       0x5c shell.o
 .bss           0x20000330        0x0 /opt/homebrew/Cellar/arm-none-eabi-gcc/16.1.0/lib/gcc/arm-none-eabi/16.1.0/thumb/v6-m/nofp/libgcc.a(_udivsi3.o)
 .bss           0x20000330        0x0 /opt/homebrew/Cellar/arm-none-eabi-gcc/16.1.0/lib/gcc/arm-none-eabi/16.1.0/thumb/v6-m/nofp/libgcc.a(_dvmd_tls.o)
                0x20000330                        . = ALIGN (0x4)
                0x20000330                        _bss_end = .

.freearea       0x20000330     0x6000 load address 0x1000217a
                0x20000330                        . = ALIGN (0x4)
                0x20000330                        _freearea = .
                0x20006330                        . = (. + 0x6000)
 *fill*         0x20000330     0x6000 

.userstack      0x20006330     0x6000 load address 0x1000217a
                0x20006330                        . = ALIGN (0x8)
                0x20006330                        userstack = .
                0x2000c330                        . = (. + 0x6000)
 *fill*         0x20006330     0x6000 
                0x2000c330                        userstack_end = .
                0x20042000                        _stack_top = (ORIGIN (RAM) + LENGTH (RAM))
OUTPUT(PICOX.elf elf32-littlearm)
LOAD linker stubs

.debug_info     0x00000000     0x2726
 .debug_info    0x00000000       0x5d boot2.o
 .debug_info    0x0000005d      0x216 handler.o
 .debug_info    0x00000273       0xa5 vector_table.o
 .debug_info    0x00000318      0x397 serial.o
 .debug_info    0x000006af      0x139 main.o
 .debug_info    0x000007e8       0xef clock.o
 .debug_info    0x000008d7      0x151 interrupt.o
 .debug_info    0x00000a28      0xd04 kernel.o
 .debug_info    0x0000172c      0x790 syscall.o
 .debug_info    0x00001ebc      0x27e lib.o
 .debug_info    0x0000213a      0x252 memory.o
 .debug_info    0x0000238c      0x320 shell.o
 .debug_info    0x000026ac       0x3e /opt/homebrew/Cellar/arm-none-eabi-gcc/16.1.0/lib/gcc/arm-none-eabi/16.1.0/thumb/v6-m/nofp/libgcc.a(_udivsi3.o)
 .debug_info    0x000026ea       0x3c /opt/homebrew/Cellar/arm-none-eabi-gcc/16.1.0/lib/gcc/arm-none-eabi/16.1.0/thumb/v6-m/nofp/libgcc.a(_dvmd_tls.o)

.debug_abbrev   0x00000000      0xf43
 .debug_abbrev  0x00000000       0x49 boot2.o
 .debug_abbrev  0x00000049      0x121 handler.o
 .debug_abbrev  0x0000016a       0x85 vector_table.o
 .debug_abbrev  0x000001ef      0x1f0 serial.o
 .debug_abbrev  0x000003df       0xae main.o
 .debug_abbrev  0x0000048d       0x6d clock.o
 .debug_abbrev  0x000004fa       0xef interrupt.o
 .debug_abbrev  0x000005e9      0x3a6 kernel.o
 .debug_abbrev  0x0000098f      0x187 syscall.o
 .debug_abbrev  0x00000b16       0xaf lib.o
 .debug_abbrev  0x00000bc5      0x175 memory.o
 .debug_abbrev  0x00000d3a      0x1bb shell.o
 .debug_abbrev  0x00000ef5       0x28 /opt/homebrew/Cellar/arm-none-eabi-gcc/16.1.0/lib/gcc/arm-none-eabi/16.1.0/thumb/v6-m/nofp/libgcc.a(_udivsi3.o)
 .debug_abbrev  0x00000f1d       0x26 /opt/homebrew/Cellar/arm-none-eabi-gcc/16.1.0/lib/gcc/arm-none-eabi/16.1.0/thumb/v6-m/nofp/libgcc.a(_dvmd_tls.o)

.debug_aranges  0x00000000      0x1b0
 .debug_aranges
                0x00000000       0x18 boot2.o
 .debug_aranges
                0x00000018       0x20 handler.o
 .debug_aranges
                0x00000038       0x18 vector_table.o
 .debug_aranges
                0x00000050       0x20 serial.o
 .debug_aranges
                0x00000070       0x20 main.o
 .debug_aranges
                0x00000090       0x20 clock.o
 .debug_aranges
                0x000000b0       0x20 interrupt.o
 .debug_aranges
                0x000000d0       0x20 kernel.o
 .debug_aranges
                0x000000f0       0x20 syscall.o
 .debug_aranges
                0x00000110       0x20 lib.o
 .debug_aranges
                0x00000130       0x20 memory.o
 .debug_aranges
                0x00000150       0x20 shell.o
 .debug_aranges
                0x00000170       0x20 /opt/homebrew/Cellar/arm-none-eabi-gcc/16.1.0/lib/gcc/arm-none-eabi/16.1.0/thumb/v6-m/nofp/libgcc.a(_udivsi3.o)
 .debug_aranges
                0x00000190       0x20 /opt/homebrew/Cellar/arm-none-eabi-gcc/16.1.0/lib/gcc/arm-none-eabi/16.1.0/thumb/v6-m/nofp/libgcc.a(_dvmd_tls.o)

.debug_macro    0x00000000     0x1350
 .debug_macro   0x00000000       0x11 boot2.o
 .debug_macro   0x00000011      0xaba boot2.o
 .debug_macro   0x00000acb       0x5e handler.o
 .debug_macro   0x00000b29       0x10 handler.o
 .debug_macro   0x00000b39       0x22 handler.o
 .debug_macro   0x00000b5b       0x16 handler.o
 .debug_macro   0x00000b71       0x29 vector_table.o
 .debug_macro   0x00000b9a       0x1c vector_table.o
 .debug_macro   0x00000bb6      0x14a serial.o
 .debug_macro   0x00000d00       0x41 main.o
 .debug_macro   0x00000d41      0x118 clock.o
 .debug_macro   0x00000e59      0x34e clock.o
 .debug_macro   0x000011a7       0x2c interrupt.o
 .debug_macro   0x000011d3       0x76 kernel.o
 .debug_macro   0x00001249       0x37 syscall.o
 .debug_macro   0x00001280       0x1b lib.o
 .debug_macro   0x0000129b       0x51 memory.o
 .debug_macro   0x000012ec       0x64 shell.o

.debug_line     0x00000000     0x1471
 .debug_line    0x00000000       0x28 boot2.o
 .debug_line    0x00000028       0xf1 handler.o
 .debug_line    0x00000119       0x48 vector_table.o
 .debug_line    0x00000161      0x2f3 serial.o
 .debug_line    0x00000454       0x7e main.o
 .debug_line    0x000004d2      0x1c9 clock.o
 .debug_line    0x0000069b       0xbd interrupt.o
 .debug_line    0x00000758      0x537 kernel.o
 .debug_line    0x00000c8f      0x16b syscall.o
 .debug_line    0x00000dfa      0x1f5 lib.o
 .debug_line    0x00000fef      0x177 memory.o
 .debug_line    0x00001166      0x26b shell.o
 .debug_line    0x000013d1       0x56 /opt/homebrew/Cellar/arm-none-eabi-gcc/16.1.0/lib/gcc/arm-none-eabi/16.1.0/thumb/v6-m/nofp/libgcc.a(_udivsi3.o)
 .debug_line    0x00001427       0x4a /opt/homebrew/Cellar/arm-none-eabi-gcc/16.1.0/lib/gcc/arm-none-eabi/16.1.0/thumb/v6-m/nofp/libgcc.a(_dvmd_tls.o)

.debug_str      0x00000000     0x4d3a
 .debug_str     0x00000000     0x4d3a boot2.o
                               0x2da1 (size before relaxing)
 .debug_str     0x00004d3a        0x0 handler.o
                               0x2ff5 (size before relaxing)
 .debug_str     0x00004d3a        0x0 vector_table.o
                               0x2eb9 (size before relaxing)
 .debug_str     0x00004d3a        0x0 serial.o
                               0x3557 (size before relaxing)
 .debug_str     0x00004d3a        0x0 main.o
                               0x2ec5 (size before relaxing)
 .debug_str     0x00004d3a        0x0 clock.o
                               0x3d9c (size before relaxing)
 .debug_str     0x00004d3a        0x0 interrupt.o
                               0x2f05 (size before relaxing)
 .debug_str     0x00004d3a        0x0 kernel.o
                               0x3455 (size before relaxing)
 .debug_str     0x00004d3a        0x0 syscall.o
                               0x3179 (size before relaxing)
 .debug_str     0x00004d3a        0x0 lib.o
                               0x2dd3 (size before relaxing)
 .debug_str     0x00004d3a        0x0 memory.o
                               0x2f49 (size before relaxing)
 .debug_str     0x00004d3a        0x0 shell.o
                               0x3102 (size before relaxing)
 .debug_str     0x00004d3a        0x0 /opt/homebrew/Cellar/arm-none-eabi-gcc/16.1.0/lib/gcc/arm-none-eabi/16.1.0/thumb/v6-m/nofp/libgcc.a(_udivsi3.o)
                                 0xd5 (size before relaxing)
 .debug_str     0x00004d3a        0x0 /opt/homebrew/Cellar/arm-none-eabi-gcc/16.1.0/lib/gcc/arm-none-eabi/16.1.0/thumb/v6-m/nofp/libgcc.a(_dvmd_tls.o)
                                 0xd6 (size before relaxing)

.comment        0x00000000       0x12
 .comment       0x00000000       0x12 boot2.o
                                 0x13 (size before relaxing)
 .comment       0x00000012        0x0 handler.o
                                 0x13 (size before relaxing)
 .comment       0x00000012        0x0 vector_table.o
                                 0x13 (size before relaxing)
 .comment       0x00000012        0x0 serial.o
                                 0x13 (size before relaxing)
 .comment       0x00000012        0x0 main.o
                                 0x13 (size before relaxing)
 .comment       0x00000012        0x0 clock.o
                                 0x13 (size before relaxing)
 .comment       0x00000012        0x0 interrupt.o
                                 0x13 (size before relaxing)
 .comment       0x00000012        0x0 kernel.o
                                 0x13 (size before relaxing)
 .comment       0x00000012        0x0 syscall.o
                                 0x13 (size before relaxing)
 .comment       0x00000012        0x0 lib.o
                                 0x13 (size before relaxing)
 .comment       0x00000012        0x0 memory.o
                                 0x13 (size before relaxing)
 .comment       0x00000012        0x0 shell.o
                                 0x13 (size before relaxing)

.ARM.attributes
                0x00000000       0x2c
 .ARM.attributes
                0x00000000       0x2c boot2.o
 .ARM.attributes
                0x0000002c       0x2c handler.o
 .ARM.attributes
                0x00000058       0x2c vector_table.o
 .ARM.attributes
                0x00000084       0x2c serial.o
 .ARM.attributes
                0x000000b0       0x2c main.o
 .ARM.attributes
                0x000000dc       0x2c clock.o
 .ARM.attributes
                0x00000108       0x2c interrupt.o
 .ARM.attributes
                0x00000134       0x2c kernel.o
 .ARM.attributes
                0x00000160       0x2c syscall.o
 .ARM.attributes
                0x0000018c       0x2c lib.o
 .ARM.attributes
                0x000001b8       0x2c memory.o
 .ARM.attributes
                0x000001e4       0x2c shell.o
 .ARM.attributes
                0x00000210       0x1e /opt/homebrew/Cellar/arm-none-eabi-gcc/16.1.0/lib/gcc/arm-none-eabi/16.1.0/thumb/v6-m/nofp/libgcc.a(_udivsi3.o)
 .ARM.attributes
                0x0000022e       0x1e /opt/homebrew/Cellar/arm-none-eabi-gcc/16.1.0/lib/gcc/arm-none-eabi/16.1.0/thumb/v6-m/nofp/libgcc.a(_dvmd_tls.o)

.debug_frame    0x00000000      0xc7c
 .debug_frame   0x00000000       0xdc handler.o
 .debug_frame   0x000000dc      0x1fc serial.o
 .debug_frame   0x000002d8       0x30 main.o
 .debug_frame   0x00000308       0xd4 clock.o
 .debug_frame   0x000003dc       0x70 interrupt.o
 .debug_frame   0x0000044c      0x39c kernel.o
 .debug_frame   0x000007e8      0x20c syscall.o
 .debug_frame   0x000009f4       0xf0 lib.o
 .debug_frame   0x00000ae4       0x90 memory.o
 .debug_frame   0x00000b74       0xe8 shell.o
 .debug_frame   0x00000c5c       0x20 /opt/homebrew/Cellar/arm-none-eabi-gcc/16.1.0/lib/gcc/arm-none-eabi/16.1.0/thumb/v6-m/nofp/libgcc.a(_udivsi3.o)

.debug_line_str
                0x00000000       0xac
 .debug_line_str
                0x00000000       0xac /opt/homebrew/Cellar/arm-none-eabi-gcc/16.1.0/lib/gcc/arm-none-eabi/16.1.0/thumb/v6-m/nofp/libgcc.a(_udivsi3.o)
 .debug_line_str
                0x000000ac        0x0 /opt/homebrew/Cellar/arm-none-eabi-gcc/16.1.0/lib/gcc/arm-none-eabi/16.1.0/thumb/v6-m/nofp/libgcc.a(_dvmd_tls.o)
                                 0xac (size before relaxing)
