
Merging object attributes


There are no discarded input sections

Memory Configuration

Name             Origin             Length             Attributes
FLASH            0x10000000         0x00200000         xr
RAM              0x20000000         0x00040000         xrw
*default*        0x00000000         0xffffffff

Linker script and memory map

LOAD boot2.o
LOAD handler.o
LOAD vector_table.o
LOAD main.o
LOAD /opt/homebrew/Cellar/arm-none-eabi-gcc/16.1.0/lib/gcc/arm-none-eabi/16.1.0/thumb/v6-m/nofp/libgcc.a

.boot2          0x10000000      0x100
                0x10000000                        _boot_start = .
 *(.boot2)
 .boot2         0x10000000      0x100 boot2.o
                0x10000000                boot2
                0x10000100                        _boot_end = .

.vectors        0x10000100       0x40
                0x10000100                        . = ALIGN (0x100)
 vector_table.o(.data)
 .data          0x10000100       0x40 vector_table.o
                0x10000100                vector_table

.text           0x10000140       0xb0
                0x10000140                        _text_start = .
 *(.text)
 .text          0x10000140        0x0 boot2.o
 .text          0x10000140       0x14 handler.o
                0x10000140                Reset_Handler
                0x1000014c                Default_Handler
 .text          0x10000154        0x0 vector_table.o
 .text          0x10000154       0x9c main.o
                0x10000154                get_system_count
                0x10000168                wait
                0x100001a4                main
 *(.text.*)
                0x100001f0                        _text_end = .

.glue_7         0x100001f0        0x0
 .glue_7        0x100001f0        0x0 linker stubs

.glue_7t        0x100001f0        0x0
 .glue_7t       0x100001f0        0x0 linker stubs

.vfp11_veneer   0x100001f0        0x0
 .vfp11_veneer  0x100001f0        0x0 linker stubs

.v4_bx          0x100001f0        0x0
 .v4_bx         0x100001f0        0x0 linker stubs

.iplt           0x100001f0        0x0
 .iplt          0x100001f0        0x0 handler.o

.rel.dyn        0x100001f0        0x0
 .rel.iplt      0x100001f0        0x0 handler.o

.rodata         0x100001f0        0x0
                0x100001f0                        _rodata_start = .
 *(.rodata)
 *(.rodata.*)
                0x100001f0                        _rodata_end = .

.data           0x20000000        0x0 load address 0x100001f0
                0x20000000                        _data_start = .
 *(.data)
 .data          0x20000000        0x0 boot2.o
 .data          0x20000000        0x0 handler.o
 .data          0x20000000        0x0 main.o
 *(.data.*)
                0x20000000                        _data_end = .

.igot.plt       0x20000000        0x0 load address 0x100001f0
 .igot.plt      0x20000000        0x0 handler.o

.bss            0x20000000        0x0 load address 0x100001f0
                0x20000000                        _bss_start = .
 *(.bss)
 .bss           0x20000000        0x0 boot2.o
 .bss           0x20000000        0x0 handler.o
 .bss           0x20000000        0x0 vector_table.o
 .bss           0x20000000        0x0 main.o
 *(.bss.*)
 *(COMMON)
                0x20000000                        _bss_end = .
                0x20000000                        . = ALIGN (0x4)
                0x20040000                        _stack_top = (ORIGIN (RAM) + LENGTH (RAM))
OUTPUT(PICOX.elf elf32-littlearm)
LOAD linker stubs

.comment        0x00000000       0x12
 .comment       0x00000000       0x12 boot2.o
                                 0x13 (size before relaxing)
 .comment       0x00000012        0x0 handler.o
                                 0x13 (size before relaxing)
 .comment       0x00000012        0x0 vector_table.o
                                 0x13 (size before relaxing)
 .comment       0x00000012        0x0 main.o
                                 0x13 (size before relaxing)

.ARM.attributes
                0x00000000       0x2c
 .ARM.attributes
                0x00000000       0x2c boot2.o
 .ARM.attributes
                0x0000002c       0x2c handler.o
 .ARM.attributes
                0x00000058       0x2c vector_table.o
 .ARM.attributes
                0x00000084       0x2c main.o
